// Jest Snapshot v1, https://goo.gl/fbAQLP

exports[`<Filter /> should render itself 1`] = `
ShallowWrapper {
  Symbol(enzyme.__root__): [Circular],
  Symbol(enzyme.__unrendered__): <Filter
    filter={
        Object {
            "2018": 1,
          }
    }
    handleFilter={[Function]}
/>,
  Symbol(enzyme.__renderer__): Object {
    "batchedUpdates": [Function],
    "getNode": [Function],
    "render": [Function],
    "simulateError": [Function],
    "simulateEvent": [Function],
    "unmount": [Function],
  },
  Symbol(enzyme.__node__): Object {
    "instance": null,
    "key": undefined,
    "nodeType": "host",
    "props": Object {
      "children": <div
        className="app-filter-label"
>
        <p>
                Galeria de Images de la edición del 
        </p>
        <button
                id="btn_visibility"
                onClick={[Function]}
        >
                <span>
                        AÑO
                </span>
                <span
                        className="icon-down"
                />
        </button>
        <ul
                className="app-filter-list "
        >
                <li
                        className="app-filter-item"
                >
                        <button
                                data-count={1}
                                data-year="2018"
                                disabled={true}
                                id="btn_2018"
                                onClick={[Function]}
                        >
                                2018
                        </button>
                </li>
                <li
                        className="app-filter-item"
                >
                        <button
                                disabled={true}
                                onClick={[Function]}
                        >
                                TODAS
                        </button>
                </li>
        </ul>
</div>,
      "className": "app-filter",
    },
    "ref": null,
    "rendered": Object {
      "instance": null,
      "key": undefined,
      "nodeType": "host",
      "props": Object {
        "children": Array [
          <p>
            Galeria de Images de la edición del 
</p>,
          <button
            id="btn_visibility"
            onClick={[Function]}
>
            <span>
                        AÑO
            </span>
            <span
                        className="icon-down"
            />
</button>,
          <ul
            className="app-filter-list "
>
            <li
                        className="app-filter-item"
            >
                        <button
                                    data-count={1}
                                    data-year="2018"
                                    disabled={true}
                                    id="btn_2018"
                                    onClick={[Function]}
                        >
                                    2018
                        </button>
            </li>
            <li
                        className="app-filter-item"
            >
                        <button
                                    disabled={true}
                                    onClick={[Function]}
                        >
                                    TODAS
                        </button>
            </li>
</ul>,
        ],
        "className": "app-filter-label",
      },
      "ref": null,
      "rendered": Array [
        Object {
          "instance": null,
          "key": undefined,
          "nodeType": "host",
          "props": Object {
            "children": "Galeria de Images de la edición del ",
          },
          "ref": null,
          "rendered": "Galeria de Images de la edición del ",
          "type": "p",
        },
        Object {
          "instance": null,
          "key": undefined,
          "nodeType": "host",
          "props": Object {
            "children": Array [
              <span>
                AÑO
</span>,
              <span
                className="icon-down"
/>,
            ],
            "id": "btn_visibility",
            "onClick": [Function],
          },
          "ref": null,
          "rendered": Array [
            Object {
              "instance": null,
              "key": undefined,
              "nodeType": "host",
              "props": Object {
                "children": "AÑO",
              },
              "ref": null,
              "rendered": "AÑO",
              "type": "span",
            },
            Object {
              "instance": null,
              "key": undefined,
              "nodeType": "host",
              "props": Object {
                "className": "icon-down",
              },
              "ref": null,
              "rendered": null,
              "type": "span",
            },
          ],
          "type": "button",
        },
        Object {
          "instance": null,
          "key": undefined,
          "nodeType": "host",
          "props": Object {
            "children": Array [
              Array [
                <li
                  className="app-filter-item"
>
                  <button
                                    data-count={1}
                                    data-year="2018"
                                    disabled={true}
                                    id="btn_2018"
                                    onClick={[Function]}
                  >
                                    2018
                  </button>
</li>,
              ],
              <li
                className="app-filter-item"
>
                <button
                                disabled={true}
                                onClick={[Function]}
                >
                                TODAS
                </button>
</li>,
            ],
            "className": "app-filter-list ",
          },
          "ref": null,
          "rendered": Array [
            Object {
              "instance": null,
              "key": "2018",
              "nodeType": "host",
              "props": Object {
                "children": <button
                  data-count={1}
                  data-year="2018"
                  disabled={true}
                  id="btn_2018"
                  onClick={[Function]}
>
                  2018
</button>,
                "className": "app-filter-item",
              },
              "ref": null,
              "rendered": Object {
                "instance": null,
                "key": undefined,
                "nodeType": "host",
                "props": Object {
                  "children": "2018",
                  "data-count": 1,
                  "data-year": "2018",
                  "disabled": true,
                  "id": "btn_2018",
                  "onClick": [Function],
                },
                "ref": null,
                "rendered": "2018",
                "type": "button",
              },
              "type": "li",
            },
            Object {
              "instance": null,
              "key": undefined,
              "nodeType": "host",
              "props": Object {
                "children": <button
                  disabled={true}
                  onClick={[Function]}
>
                  TODAS
</button>,
                "className": "app-filter-item",
              },
              "ref": null,
              "rendered": Object {
                "instance": null,
                "key": undefined,
                "nodeType": "host",
                "props": Object {
                  "children": "TODAS",
                  "disabled": true,
                  "onClick": [Function],
                },
                "ref": null,
                "rendered": "TODAS",
                "type": "button",
              },
              "type": "li",
            },
          ],
          "type": "ul",
        },
      ],
      "type": "div",
    },
    "type": "div",
  },
  Symbol(enzyme.__nodes__): Array [
    Object {
      "instance": null,
      "key": undefined,
      "nodeType": "host",
      "props": Object {
        "children": <div
          className="app-filter-label"
>
          <p>
                    Galeria de Images de la edición del 
          </p>
          <button
                    id="btn_visibility"
                    onClick={[Function]}
          >
                    <span>
                              AÑO
                    </span>
                    <span
                              className="icon-down"
                    />
          </button>
          <ul
                    className="app-filter-list "
          >
                    <li
                              className="app-filter-item"
                    >
                              <button
                                        data-count={1}
                                        data-year="2018"
                                        disabled={true}
                                        id="btn_2018"
                                        onClick={[Function]}
                              >
                                        2018
                              </button>
                    </li>
                    <li
                              className="app-filter-item"
                    >
                              <button
                                        disabled={true}
                                        onClick={[Function]}
                              >
                                        TODAS
                              </button>
                    </li>
          </ul>
</div>,
        "className": "app-filter",
      },
      "ref": null,
      "rendered": Object {
        "instance": null,
        "key": undefined,
        "nodeType": "host",
        "props": Object {
          "children": Array [
            <p>
              Galeria de Images de la edición del 
</p>,
            <button
              id="btn_visibility"
              onClick={[Function]}
>
              <span>
                            AÑO
              </span>
              <span
                            className="icon-down"
              />
</button>,
            <ul
              className="app-filter-list "
>
              <li
                            className="app-filter-item"
              >
                            <button
                                          data-count={1}
                                          data-year="2018"
                                          disabled={true}
                                          id="btn_2018"
                                          onClick={[Function]}
                            >
                                          2018
                            </button>
              </li>
              <li
                            className="app-filter-item"
              >
                            <button
                                          disabled={true}
                                          onClick={[Function]}
                            >
                                          TODAS
                            </button>
              </li>
</ul>,
          ],
          "className": "app-filter-label",
        },
        "ref": null,
        "rendered": Array [
          Object {
            "instance": null,
            "key": undefined,
            "nodeType": "host",
            "props": Object {
              "children": "Galeria de Images de la edición del ",
            },
            "ref": null,
            "rendered": "Galeria de Images de la edición del ",
            "type": "p",
          },
          Object {
            "instance": null,
            "key": undefined,
            "nodeType": "host",
            "props": Object {
              "children": Array [
                <span>
                  AÑO
</span>,
                <span
                  className="icon-down"
/>,
              ],
              "id": "btn_visibility",
              "onClick": [Function],
            },
            "ref": null,
            "rendered": Array [
              Object {
                "instance": null,
                "key": undefined,
                "nodeType": "host",
                "props": Object {
                  "children": "AÑO",
                },
                "ref": null,
                "rendered": "AÑO",
                "type": "span",
              },
              Object {
                "instance": null,
                "key": undefined,
                "nodeType": "host",
                "props": Object {
                  "className": "icon-down",
                },
                "ref": null,
                "rendered": null,
                "type": "span",
              },
            ],
            "type": "button",
          },
          Object {
            "instance": null,
            "key": undefined,
            "nodeType": "host",
            "props": Object {
              "children": Array [
                Array [
                  <li
                    className="app-filter-item"
>
                    <button
                                        data-count={1}
                                        data-year="2018"
                                        disabled={true}
                                        id="btn_2018"
                                        onClick={[Function]}
                    >
                                        2018
                    </button>
</li>,
                ],
                <li
                  className="app-filter-item"
>
                  <button
                                    disabled={true}
                                    onClick={[Function]}
                  >
                                    TODAS
                  </button>
</li>,
              ],
              "className": "app-filter-list ",
            },
            "ref": null,
            "rendered": Array [
              Object {
                "instance": null,
                "key": "2018",
                "nodeType": "host",
                "props": Object {
                  "children": <button
                    data-count={1}
                    data-year="2018"
                    disabled={true}
                    id="btn_2018"
                    onClick={[Function]}
>
                    2018
</button>,
                  "className": "app-filter-item",
                },
                "ref": null,
                "rendered": Object {
                  "instance": null,
                  "key": undefined,
                  "nodeType": "host",
                  "props": Object {
                    "children": "2018",
                    "data-count": 1,
                    "data-year": "2018",
                    "disabled": true,
                    "id": "btn_2018",
                    "onClick": [Function],
                  },
                  "ref": null,
                  "rendered": "2018",
                  "type": "button",
                },
                "type": "li",
              },
              Object {
                "instance": null,
                "key": undefined,
                "nodeType": "host",
                "props": Object {
                  "children": <button
                    disabled={true}
                    onClick={[Function]}
>
                    TODAS
</button>,
                  "className": "app-filter-item",
                },
                "ref": null,
                "rendered": Object {
                  "instance": null,
                  "key": undefined,
                  "nodeType": "host",
                  "props": Object {
                    "children": "TODAS",
                    "disabled": true,
                    "onClick": [Function],
                  },
                  "ref": null,
                  "rendered": "TODAS",
                  "type": "button",
                },
                "type": "li",
              },
            ],
            "type": "ul",
          },
        ],
        "type": "div",
      },
      "type": "div",
    },
  ],
  Symbol(enzyme.__options__): Object {
    "adapter": ReactSixteenAdapter {
      "options": Object {
        "enableComponentDidUpdateOnSetState": true,
        "lifecycles": Object {
          "componentDidUpdate": Object {
            "onSetState": true,
          },
          "getDerivedStateFromProps": true,
          "getSnapshotBeforeUpdate": true,
          "setState": Object {
            "skipsComponentDidUpdateOnNullish": true,
          },
        },
      },
    },
    "attachTo": undefined,
    "hydrateIn": undefined,
  },
}
`;
